200 https://fr.airbnb.com/rooms/1044892075647301416
200 https://a0.muscache.com/airbnb/static/airbnb-dls-web/build/fonts/cereal-variable/AirbnbCerealVF_W_Wght.8816d9e5c3b6a860636193e36b6ac4e4.woff2
200 https://a0.muscache.com/airbnb/static/packages/web/common/frontend/hyperloop-browser/metroRequire.9062f15cf4.js
200 https://a0.muscache.com/airbnb/static/packages/web/common/ef8a.9a433b3efb.js
200 https://a0.muscache.com/airbnb/static/packages/web/common/frontend/hyperloop-browser/coreV2.af96c11039.js
200 https://a0.muscache.com/airbnb/static/packages/web/common/frontend/hyperloop-browser/shims_post_modules.6dd81942c5.js
200 https://a0.muscache.com/airbnb/static/packages/web/common/c1ac.792378da3b.js
200 https://a0.muscache.com/airbnb/static/packages/web/common/frontend/core-guest-loop/routeHandler.c0455cd544.js
200 https://a0.muscache.com/airbnb/static/packages/web/common/ecac.9c95766275.js
200 https://a0.muscache.com/airbnb/static/packages/web/fr/93c5.f0c3f5e2b1.js
200 https://a0.muscache.com/airbnb/static/packages/web/common/534b.29ef8ef930.js
200 https://a0.muscache.com/airbnb/static/packages/web/fr/frontend/airmetro/browser/asyncRequire.02cc7b7f4f.js
200 https://a0.muscache.com/im/pictures/airbnb-platform-assets/AirbnbPlatformAssets-search-bar-icons/original/4aae4ed7-5939-4e76-b100-e69440ebeae4.png
200 https://a0.muscache.com/im/pictures/airbnb-platform-assets/AirbnbPlatformAssets-search-bar-icons/original/e47ab655-027b-4679-b2e6-df1c99a5c33d.png
200 https://a0.muscache.com/airbnb/static/packages/web/common/frontend/core-guest-spa/entrypoints/client.d055eb9736.css
200 https://a0.muscache.com/im/pictures/airbnb-platform-assets/AirbnbPlatformAssets-search-bar-icons/original/3d67e9a9-520a-49ee-b439-7b3a75ea814d.png
200 https://a0.muscache.com/im/pictures/airbnb-platform-assets/AirbnbPlatformAssets-UserProfile/original/5347d650-16de-4f5a-a38e-79edc988befa.png
200 https://a0.muscache.com/airbnb/static/packages/web/common/026d.4d86874140.js
200 https://a0.muscache.com/airbnb/static/packages/web/common/node_modules/moment/locale/fr.91d6e34314.js
200 https://a0.muscache.com/airbnb/static/packages/web/common/2f32.fbe616d031.js
200 https://a0.muscache.com/airbnb/static/packages/web/common/frontend/core-guest-spa/entrypoints/initializer.1ca4c36f8f.js
200 https://a0.muscache.com/airbnb/static/packages/web/common/5914.1ebb93d4d2.js
200 https://a0.muscache.com/airbnb/static/packages/web/fr/d1fe.e27c400e56.js
200 https://a0.muscache.com/airbnb/static/packages/web/fr/b45e.1c97733f2c.js
200 https://a0.muscache.com/airbnb/static/packages/web/fr/d57c.d6b8eabf1b.js
200 https://a0.muscache.com/airbnb/static/packages/web/common/0b78.ab95c8a49e.js
200 https://a0.muscache.com/airbnb/static/packages/web/fr/6b1b.65ed2d53ed.js
200 https://a0.muscache.com/airbnb/static/packages/web/fr/c7a9.4e618cc278.js
200 https://a0.muscache.com/airbnb/static/packages/web/fr/7fdb7.1ed13f624d.js
200 https://a0.muscache.com/airbnb/static/packages/web/fr/3f8f.c9f652e32e.js
200 https://a0.muscache.com/airbnb/static/packages/web/fr/6de6.d74f2a2f32.js
200 https://a0.muscache.com/airbnb/static/packages/web/fr/33ac.814655cd67.js
200 https://a0.muscache.com/airbnb/static/packages/web/common/58b5.7584fbf852.js
200 https://a0.muscache.com/airbnb/static/packages/web/fr/bdec.64dc931fee.js
200 https://a0.muscache.com/airbnb/static/packages/web/fr/0e97.a650a23023.js
200 https://a0.muscache.com/airbnb/static/packages/web/fr/3002.f08e6ac8c9.js
200 https://a0.muscache.com/airbnb/static/packages/web/common/d6f5.07892fdbbb.js
200 https://a0.muscache.com/airbnb/static/packages/web/common/6339.5b4228549a.js
200 https://a0.muscache.com/airbnb/static/packages/web/common/73d2.dd4f18d381.js
200 https://a0.muscache.com/airbnb/static/packages/web/common/e2d5.e445f32633.js
200 https://a0.muscache.com/airbnb/static/packages/web/common/1a4e.863f7603ef.js
200 https://a0.muscache.com/airbnb/static/packages/web/common/c9a2.f6ef02fb0c.js
200 https://a0.muscache.com/airbnb/static/packages/web/fr/frontend/gp-stays-pdp-route/routes/PdpPlatformRoute.36f1f752ba.js
200 https://a0.muscache.com/airbnb/static/packages/web/common/e72c.d341b3928f.js
200 https://a0.muscache.com/airbnb/static/packages/web/common/0692.1aa4bec6ec.js
200 https://a0.muscache.com/airbnb/static/packages/web/common/b487.05ebae58ac.js
200 https://a0.muscache.com/airbnb/static/packages/web/fr/eb49.e38f8523bb.js
200 https://a0.muscache.com/airbnb/static/packages/web/fr/301a.296dd1eb0f.js
200 https://a0.muscache.com/airbnb/static/packages/web/common/fd41.fc8ddfeda7.js
200 https://a0.muscache.com/airbnb/static/packages/web/common/9dae.8bd0a8d849.js
200 https://a0.muscache.com/airbnb/static/packages/web/common/9306.94d07e2960.js
200 https://a0.muscache.com/airbnb/static/packages/web/common/263f.d404b34677.js
200 https://a0.muscache.com/airbnb/static/packages/web/common/5de6.ff41dafe90.js
200 https://a0.muscache.com/airbnb/static/packages/web/common/7344.667b08f4ff.js
200 https://a0.muscache.com/airbnb/static/packages/web/common/ed4d.b3d4dc9cfd.js
200 https://a0.muscache.com/airbnb/static/packages/web/fr/b83c.910aecc3bd.js
200 https://a0.muscache.com/airbnb/static/packages/web/fr/frontend/core-guest-spa/entrypoints/client.0a43dea9e2.js
200 https://d0a7e.airbnb.com/tags.js
206 https://a0.muscache.com/videos/search-bar-icons/webm/house-twirl-selected.webm
206 https://a0.muscache.com/videos/search-bar-icons/webm/house-selected.webm
206 https://a0.muscache.com/videos/search-bar-icons/webm/balloon-twirl.webm
206 https://a0.muscache.com/videos/search-bar-icons/webm/balloon-selected.webm
206 https://a0.muscache.com/videos/search-bar-icons/webm/consierge-twirl.webm
206 https://a0.muscache.com/videos/search-bar-icons/webm/consierge-selected.webm
200 https://a0.muscache.com/airbnb/static/packages/web/fr/frontend/niobe/client/NiobeClient.10ab399e3f.js
204 https://fr.airbnb.com/tracking/jitney/logging/messages
200 https://a0.muscache.com/airbnb/static/packages/web/common/frontend/guest-header/query/HeaderQuery.prepare.aa42e43f7c.js
200 https://a0.muscache.com/airbnb/static/packages/web/common/frontend/gp-stays-pdp-route/routes/PdpPlatformRoute.prepare.8f944e780a.js
200 https://fr.airbnb.com/api/v2/get-data-layer-variables
200 https://a0.muscache.com/airbnb/static/packages/web/fr/frontend/save-to-list/containers/SaveToListModalContainer.d84cf245fc.js
200 https://a0.muscache.com/airbnb/static/packages/web/fr/f209.578d8cef99.js
200 https://a0.muscache.com/airbnb/static/packages/web/fr/c3b3.71404f867d.js
200 https://a0.muscache.com/airbnb/static/packages/web/fr/6497.bc4800524d.js
200 https://a0.muscache.com/airbnb/static/packages/web/fr/frontend/user-consent/components/CookiesBannerContainer.6c5eac5ac2.js
200 https://fr.airbnb.com/api/v2/marketing_event_tracking
204 https://fr.airbnb.com/tracking/jitney/logging/messages
200 https://fr.airbnb.com/api/v3/StaysPdpBookItQuery/86b99af14b966b9a5fd78b31fd1a3998eae4a2094112cba5fd3d8730fbcb439f
200 https://a0.muscache.com/airbnb/static/packages/web/fr/frontend/gp-stays-pdp-sections/migrated-sections/HeroSection/HeroSection.3a3829997d.js
200 https://a0.muscache.com/airbnb/static/packages/web/fr/frontend/gp-stays-pdp-sections/migrated-sections/TitleSection/TitleSection.dc3110480a.js
200 https://a0.muscache.com/airbnb/static/packages/web/common/frontend/initializers/facebook/index.f5a3b0fad7.js
200 https://fr.airbnb.com/api/v3/NaviServerAnnouncementsQuery/e37951ae03af6a7d0ee7c059c0b9bf17ac3181b3a86cff069babe361ae84108a
200 https://fr.airbnb.com/api/v3/Header/bb590cf8c21b62e4b5122e1cd19969f1f1df72832040a335fd45af52597440e4
200 https://a0.muscache.com/im/pictures/hosting/Hosting-U3RheVN1cHBseUxpc3Rpbmc6MTA0NDg5MjA3NTY0NzMwMTQxNg%3D%3D/original/813d9ae2-5d3d-4597-ae9b-081cd93f61c2.jpeg
200 https://a0.muscache.com/airbnb/static/packages/web/common/4562.22e08155bc.js
200 https://fr.airbnb.com/api/v2/client_configs
200 https://a0.muscache.com/im/pictures/hosting/Hosting-1044892075647301416/original/73fd574a-38bb-4410-9423-235482ba3c35.jpeg
200 https://a0.muscache.com/im/pictures/hosting/Hosting-U3RheVN1cHBseUxpc3Rpbmc6MTA0NDg5MjA3NTY0NzMwMTQxNg%3D%3D/original/49b9e0eb-613a-455c-8b4b-318c0bd9b9ed.jpeg
200 https://a0.muscache.com/airbnb/static/packages/web/fr/6c7c.843e5d205b.js
200 https://a0.muscache.com/airbnb/static/packages/web/fr/9d26.702ec134d2.js
200 https://a0.muscache.com/airbnb/static/packages/web/fr/frontend/gp-stays-pdp-sections/sbui/migrated-sections/PdpOverviewV2Section/PdpOverviewV2Section.4fb929c062.js
200 https://a0.muscache.com/airbnb/static/packages/web/fr/815c.02b5818774.js
200 https://a0.muscache.com/airbnb/static/packages/web/common/5e97.2c12298c4d.js
200 https://a0.muscache.com/airbnb/static/packages/web/fr/aec8.821d89d1b5.js
200 https://a0.muscache.com/airbnb/static/packages/web/fr/ae3a.49b9114a9a.js
200 https://a0.muscache.com/airbnb/static/packages/web/fr/1d081.0e04203c0e.js
200 https://a0.muscache.com/airbnb/static/packages/web/fr/72c9.417d0d00bd.js
200 https://a0.muscache.com/im/pictures/hosting/Hosting-U3RheVN1cHBseUxpc3Rpbmc6MTA0NDg5MjA3NTY0NzMwMTQxNg%3D%3D/original/f231d1cc-0d99-44b0-b23d-8d5947eb1017.jpeg
200 https://a0.muscache.com/im/pictures/miso/Hosting-1044892075647301416/original/63c3b4e8-5797-43d6-a5b0-5ae79bd53d10.jpeg
200 https://a0.muscache.com/airbnb/static/packages/web/fr/288d.2173508a09.js
200 https://a0.muscache.com/airbnb/static/packages/web/fr/frontend/gp-stays-pdp-sections/migrated-sections/NavSection/NavSection.f2f321bf16.js
200 https://fr.airbnb.com/api/v3/GetConsentForUserQuery/e9c611da3083d83a15f6460508ab236965b887d152228eecc0e612a4eddc5815
200 https://fr.airbnb.com/api/v3/StaysPdpSections/cf2b57ebaa6b7d053f0979d843a2cc622fe06f6dfed6ea5cd13ebc3676b72961
200 https://fr.airbnb.com/api/v2/get-data-layer-variables
200 https://a0.muscache.com/airbnb/static/packages/web/fr/frontend/gp-stays-pdp-sections/sbui/migrated-sections/PdpReviewsHighlightBannerSection/PdpReviewsHighlightBannerSection.088edc6d4a.js
200 https://a0.muscache.com/airbnb/static/packages/web/fr/frontend/gp-stays-pdp-sections/subpages/Calendar/DesktopDrawer/index.a9e7dd41ba.js
200 https://a0.muscache.com/airbnb/static/packages/web/fr/frontend/gp-stays-pdp-sections/migrated-sections/BookItNavSection/BookItNav/index.2d2e3af439.js
200 https://a0.muscache.com/airbnb/static/packages/web/fr/frontend/gp-stays-pdp-sections/sbui/migrated-sections/PdpHostOverviewDefaultSection/PdpHostOverviewDefaultSection.bd4fc94a63.js
200 https://fr.airbnb.comhttps://fr.airbnb.com/d77929b6-8893-4734-92b7-f9e06f9da145
200 https://a0.muscache.com/airbnb/static/packages/web/common/frontend/gp-stays-pdp-sections/subpages/Calendar/CalendarModalContent.2b6f9def87.js
200 https://a0.muscache.com/im/pictures/user/User/original/b1d97e3b-4ff7-4a99-be59-6d39029b7100.jpeg
200 https://a0.muscache.com/airbnb/static/packages/web/common/4c52.4eb96afa66.js
200 https://a0.muscache.com/airbnb/static/packages/web/fr/8116.72a26f8dd8.js
200 https://a0.muscache.com/airbnb/static/packages/web/common/e620.565d6852b0.js
200 https://a0.muscache.com/airbnb/static/packages/web/fr/9c0d.51870ed23f.js
200 https://a0.muscache.com/airbnb/static/packages/web/fr/5e11.f0e7e02408.js
200 https://a0.muscache.com/airbnb/static/packages/web/common/frontend/search-header/variants/base/ExternalSearchHeader.ccfb670f24.js
200 https://a0.muscache.com/airbnb/static/packages/web/fr/17af.8c2370adcc.js
200 https://a0.muscache.com/airbnb/static/packages/web/fr/c672.18f5f58709.js
200 https://a0.muscache.com/airbnb/static/packages/web/fr/988b.a86af8de71.js
200 https://a0.muscache.com/airbnb/static/packages/web/fr/f42a.8ae9aa5177.js
200 https://a0.muscache.com/airbnb/static/packages/web/fr/frontend/gp-stays-pdp-sections/migrated-sections/HighlightsSection/HighlightsSection.2ae881178d.js
200 https://a0.muscache.com/airbnb/static/packages/web/fr/2c09.d0cb701329.js
200 https://a0.muscache.com/airbnb/static/packages/web/fr/c540.bf7a6eb4d9.js
200 https://a0.muscache.com/airbnb/static/packages/web/common/8460.cf86f4a4c1.js
200 https://a0.muscache.com/airbnb/static/packages/web/fr/5579.6dacdbdd51.js
200 https://a0.muscache.com/airbnb/static/packages/web/fr/frontend/gp-stays-pdp-sections/migrated-sections/ReviewsSection/ReviewsSection.6218b6c454.js
200 https://fr.airbnb.com/gtg/gtm-46mk/gtm.js
200 https://a0.muscache.com/airbnb/static/packages/web/fr/4055.98257b0938.js
204 https://fr.airbnb.com/tracking/jitney/logging/messages
200 https://a0.muscache.com/airbnb/static/packages/web/fr/1e0f1.81dd49ca23.js
200 https://a0.muscache.com/airbnb/static/packages/web/fr/frontend/locale-settings/containers/LocaleSelectorModalContainer.5354e40aff.js
200 https://a0.muscache.com/airbnb/static/packages/web/fr/9c9c.3255dae180.js
204 https://fr.airbnb.com/tracking/jitney/logging/messages
200 https://www.google.com/ccm/geo
200 https://a0.muscache.com/airbnb/static/packages/web/fr/frontend/gp-stays-pdp-sections/migrated-sections/UgcTranslation/UgcTranslationSection.63706659bb.js
200 https://a0.muscache.com/airbnb/static/packages/web/common/frontend/dls-icons/components/IcSystemPool32.fca38456ec.js
200 https://a0.muscache.com/airbnb/static/packages/web/common/frontend/dls-icons/components/IcSystemCheckIn32.d851d05d07.js
200 https://fr.airbnb.com/api/v3/SearchInputQuery/75d45a5e1c1158a9bde302c43871af604aec399b9344c9acef2ef87b9f974969
200 https://d0a7e.airbnb.com/js/
200 https://fr.airbnb.com/api/v3/AutoSuggestionsQuery/e3beff7ce0ba2f9f41fe486d6679ac186f62f7a141123dde3d5a565eb4e39f12
200 https://www.googletagmanager.com/gtm.js
200 https://fr.airbnb.com/gtg/gtm-46mk/k1-RPHeiJcOxrWHta7FxZUE6n9H5Lj7crr3d8V-0BxrEQjEt
200 https://www.facebook.com/tr
200 https://www.facebook.com/tr
200 https://www.facebook.com/tr
200 https://tr.snapchat.com/p
200 https://ct.pinterest.com/v3/
200 https://www.google.com/ccm/collect
204 https://ad.doubleclick.net/ccm/s/collect
200 https://d34r8q7sht0t9k.cloudfront.net/tag.js
200 https://js.adsrvr.org/conversionEvents-v1.min.js
200 https://fr.airbnb.com/sgtm/_/service_worker/66u0/sw_iframe.html
200 https://a0.muscache.com/airbnb/static/packages/web/fr/frontend/gp-stays-pdp-sections/migrated-sections/DescriptionSection/DescriptionSection.5b148988e1.js
200 https://a0.muscache.com/airbnb/static/packages/web/fr/frontend/translation-engine-announcement/components/TranslationAnnouncementModal.606adb7a71.js
200 https://a0.muscache.com/airbnb/static/packages/web/common/frontend/lottie/components/LottieAnimation.12fddb2474.js
200 https://a0.muscache.com/airbnb/static/packages/web/fr/frontend/gp-stays-pdp-sections/migrated-sections/AmenitiesSection/AmenitiesSection.3686b3ea57.js
302 https://insight.adsrvr.org/track/cei
200 https://a0.muscache.com/airbnb/static/packages/web/common/node_modules/lottie-web/build/player/lottie_worker.cdd28afc97.js
200 https://a0.muscache.com/airbnb/static/packages/web/fr/frontend/gp-stays-pdp-sections/migrated-sections/AvailabilityCalendarInline/AvailabilityCalendarInlineSection.111a50a5f3.js
200 https://fr.airbnb.comhttps://fr.airbnb.com/ebc0ffa1-3fe7-4fcb-a3a2-bd7814011bd1
200 https://a0.muscache.com/airbnb/static/packages/web/common/frontend/dls-icons/components/IcSystemViewOcean32.7f3e3934a0.js
200 https://match.adsrvr.org/track/cei
200 https://fr.airbnb.com/api/v2/client_configs
204 https://fr.airbnb.com/tracking/jitney/logging/messages
200 https://a0.muscache.com/airbnb/static/packages/web/common/frontend/dls-icons/components/IcSystemTv32.800a57ebcd.js
200 https://a0.muscache.com/airbnb/static/packages/web/common/frontend/dls-icons/components/IcSystemMapsCarRental32.a7ac400c99.js
200 https://a0.muscache.com/airbnb/static/packages/web/common/frontend/dls-icons/components/IcSystemWifi32.8f84a46cd1.js
200 https://a0.muscache.com/airbnb/static/packages/web/common/frontend/dls-icons/components/IcSystemWasher32.08fa3e2e89.js
200 https://a0.muscache.com/airbnb/static/packages/web/common/frontend/dls-icons/components/IcSystemNoDetectorSmoke32.e78b3c6e4e.js
200 https://a0.muscache.com/airbnb/static/packages/web/common/frontend/dls-icons/components/IcSystemSnowflake32.e192f9c556.js
200 https://a0.muscache.com/airbnb/static/packages/web/common/frontend/dls-icons/components/IcSystemNoDetectorCo232.da2ac268ce.js
200 https://a0.muscache.com/airbnb/static/packages/web/common/frontend/dls-icons/components/IcSystemCookingBasics32.e87a64357f.js
200 https://fr.airbnb.com/sgtm/g/collect
200 https://a0.muscache.com/airbnb/static/packages/web/fr/frontend/gp-stays-pdp-sections/migrated-sections/ReportToAirbnbSection/ReportToAirbnbSection.7473051dca.js
200 https://a0.muscache.com/pictures/76fd0550-6524-4c0b-8643-9ce39d413e3e.json
200 https://ipv4.pdscrb.com/
302 https://ad.doubleclick.net/activity;src=4620401;type=gen;cat=airbn0;ord=1;num=1691239322;gtm=45g91e67f1v874143154z8551874z9894587894za20kzb551874zd551874;dc_pre=1;u21=visitor;rcb=14;dma=0;npa=0;gcs=G111;gcd=13n3n3n3n5l1;uaa=x86;uab=64;uafvl=HeadlessChrome%3B149.0.7827.55%7CChromium%3B149.0.7827.55%7CNot)A%253BBrand%3B24.0.0.0;uamb=0;uam=;uap=Windows;uapv=19.0.0;uaw=0;pscdl=noapi;auiddc=722444400.1784566617;em=tv.1;tag_exp=115938465~115938468~117215458~117549814~118032362~118897920~118897930~119422171~119527020~119709550;_tu=DA;gap.gtb=1;s3p=1;_is_sw=f15s0t4;~oref=https%3A%2F%2Ffr.airbnb.com%2Frooms%2F1044892075647301416%3Fsource_impression_id%3Dp3_1784566614_P3YkxxJPivy19fXI
200 https://ib.adnxs.com/getuid
302 https://cm.g.doubleclick.net/pixel
204 https://fr.airbnb.com/tracking/jitney/logging/messages
204 https://analytics.google.com/g/s/collect
200 https://fr.airbnb.com/sgtm/g/collect
200 https://www.google.com/measurement/conversion/
200 https://www.google.com/rmkt/collect/1023009977/
200 https://www.google.com/rmkt/collect/788919195/
200 https://a0.muscache.com/airbnb/static/packages/web/fr/frontend/user-flag/containers/UserFlagModalContainer.5a580bf8f4.js
200 https://fr.airbnb.com/sgtm/g/collect
200 https://a0.muscache.com/airbnb/static/packages/web/fr/cceb.22e0258199.js
200 https://a0.muscache.com/airbnb/static/packages/web/common/frontend/dls-icons/components/IcCompactReportListing16.b0e339c58d.js
204 https://fr.airbnb.com/tracking/jitney/logging/messages
200 https://a0.muscache.com/im/pictures/AirbnbPlatformAssets/AirbnbPlatformAssets-Review-AI-Synthesis/original/74dbfb1b-3b77-4472-abd5-949004b98b7f.png
204 https://stats.g.doubleclick.net/g/collect
200 https://www.google.co.ma/ads/ga-audiences
302 https://googleads.g.doubleclick.net/pagead/viewthroughconversion/788919195/
302 https://googleads.g.doubleclick.net/pagead/viewthroughconversion/1023009977/
200 https://www.googleadservices.com/pagead/conversion/1023009977/
200 https://www.googleadservices.com/pagead/conversion/788919195/
200 https://fr.airbnb.com/sgtm/_/set_cookie
302 https://pixel.rubiconproject.com/tap.php
200 https://fr.airbnb.com/api/v3/PdpAvailabilityCalendar/be60714ead0a30db42ce6471ddad6a8f3855df0ed400b79282dd0bb8cecdf201
204 https://fr.airbnb.com/tracking/jitney/logging/messages
200 https://a0.muscache.com/im/pictures/AirbnbPlatformAssets/AirbnbPlatformAssets-Review-AI-Synthesis/original/b5957392-bf60-4304-8666-c030859eebf7.png
200 https://a0.muscache.com/im/pictures/AirbnbPlatformAssets/AirbnbPlatformAssets-Review-AI-Synthesis/original/b0d9a4f0-26d1-4d4d-a269-4884338ab168.png
200 https://a0.muscache.com/im/pictures/AirbnbPlatformAssets/AirbnbPlatformAssets-Review-AI-Synthesis/original/16826b98-38d0-4424-9b11-20b0155d522a.png
200 https://a0.muscache.com/im/pictures/AirbnbPlatformAssets/AirbnbPlatformAssets-Review-AI-Synthesis/original/481a6680-46b2-4c94-91e9-d7917d97b660.png
200 https://a0.muscache.com/im/pictures/AirbnbPlatformAssets/AirbnbPlatformAssets-Review-AI-Synthesis/original/b0dbbf5c-02a9-4781-a3ad-cf6953beccdc.png
200 https://a0.muscache.com/im/pictures/AirbnbPlatformAssets/AirbnbPlatformAssets-Review-AI-Synthesis/original/b4dd92d1-b973-41f3-9118-6b644e6489bd.png
302 https://cm.g.doubleclick.net/pixel
200 https://a0.muscache.com/im/pictures/AirbnbPlatformAssets/AirbnbPlatformAssets-Review-AI-Synthesis/original/e4546c79-fd9d-412c-862b-7faade48f32e.png
200 https://a0.muscache.com/im/pictures/AirbnbPlatformAssets/AirbnbPlatformAssets-Review-AI-Synthesis/original/c6373272-edcf-4f5c-a215-78ae3d706e92.png
200 https://match.adsrvr.org/track/cmf/rubicon
302 https://www.google.com/pagead/1p-user-list/788919195/
302 https://www.google.com/pagead/1p-user-list/1023009977/
200 https://www.google.co.ma/ads/ga-audiences
204 https://analytics.google.com/g/s/collect
200 https://a0.muscache.com/im/pictures/AirbnbPlatformAssets/AirbnbPlatformAssets-Review-AI-Synthesis/original/c1ebe817-e327-4dd9-b172-d88ebaf38d11.png
200 https://match.adsrvr.org/track/cmf/google
200 https://www.googleadservices.com/pagead/conversion/788919195/
200 https://www.googleadservices.com/pagead/conversion/1023009977/
200 https://adservice.google.com/ddm/fls/z/src=4620401;type=gen;cat=airbn0;ord=1;num=1691239322;gtm=45g91e67f1v874143154z8551874z9894587894za20kzb551874zd551874;dc_pre=1;u21=visitor;rcb=14;dma=0;npa=0;gcs=G111;gcd=13n3n3n3n5l1;uaa=x86;uab=64;uafvl=HeadlessChrome%3B149.0.7827.55%7CChromium%3B149.0.7827.55%7CNot)A%253BBrand%3B24.0.0.0;uamb=0;uam=;uap=Windows;uapv=19.0.0;uaw=0;pscdl=noapi;auiddc=*;em=tv.*;tag_exp=115938465~115938468~117215458~117549814~118032362~118897920~118897930~119422171~119527020~119709550;_tu=DA;gap.gtb=1;s3p=1;_is_sw=f15s0t4;~oref=https%3A%2F%2Ffr.airbnb.com%2Frooms%2F1044892075647301416%3Fsource_impression_id%3Dp3_1784566614_P3YkxxJPivy19fXI
200 https://www.google.co.ma/pagead/1p-user-list/1023009977/
200 https://www.google.co.ma/pagead/1p-user-list/788919195/
200 https://a0.muscache.com/airbnb/static/packages/web/common/5792.7a83680327.js
200 https://a0.muscache.com/airbnb/static/packages/web/fr/frontend/gp-stays-pdp-sections/migrated-sections/LocationPdpSection/LocationPdpSection.3ff9aaef88.js
200 https://a0.muscache.com/airbnb/static/packages/web/common/664b.c174548bbe.js
200 https://a0.muscache.com/airbnb/static/packages/web/fr/8dc3.25421428c9.js
302 https://googleads.g.doubleclick.net/pagead/viewthroughconversion/788919195/
200 https://verifi.pdscrb.com/tag
200 https://fr.airbnb.com/sgtm/_/set_cookie
200 https://fr.airbnb.com/sgtm/_/set_cookie
302 https://googleads.g.doubleclick.net/pagead/viewthroughconversion/1023009977/
200 https://a0.muscache.com/airbnb/static/packages/web/common/ca10.a81f6ae6a3.js
200 https://a0.muscache.com/airbnb/static/packages/web/fr/1d70.1f9948489d.js
200 https://a0.muscache.com/airbnb/static/packages/web/common/7ecf.7870c29b19.js
200 https://a0.muscache.com/airbnb/static/packages/web/fr/7740.3ef5a73fa5.js
200 https://a0.muscache.com/airbnb/static/packages/web/fr/cd60.5368505395.js
200 https://a0.muscache.com/airbnb/static/packages/web/fr/5b98.7b1c3be5f1.js
200 https://a0.muscache.com/airbnb/static/packages/web/fr/096e.55ed640dc5.js
302 https://www.google.com/pagead/1p-conversion/788919195/
302 https://www.google.com/pagead/1p-conversion/1023009977/
200 https://www.google.co.ma/pagead/1p-conversion/788919195/
200 https://www.google.co.ma/pagead/1p-conversion/1023009977/
302 https://googleads.g.doubleclick.net/pagead/viewthroughconversion/1023009977/
302 https://www.google.com/pagead/1p-conversion/1023009977/
302 https://googleads.g.doubleclick.net/pagead/viewthroughconversion/788919195/
200 https://www.google.co.ma/pagead/1p-conversion/1023009977/
302 https://www.google.com/pagead/1p-conversion/788919195/
200 https://www.google.co.ma/pagead/1p-conversion/788919195/
200 https://a0.muscache.com/airbnb/static/packages/web/fr/117a.44fa41a400.js
200 https://a0.muscache.com/airbnb/static/packages/web/fr/frontend/gp-stays-pdp-sections/migrated-sections/MeetYourHostSection/MeetYourHostSection.82520c86a5.js
200 https://fr.airbnb.com/api/v3/StaysPdpReviewsQuery/cfdc3ffbe997a618795fc5a8f9a9b484054ce9be68c8788cd2ffda999934c5ae
200 https://a0.muscache.com/airbnb/static/packages/web/common/frontend/dls-icons/components/IcSystemLanguage32.cc09cf8b3f.js
200 https://a0.muscache.com/im/pictures/user/User/original/b1d97e3b-4ff7-4a99-be59-6d39029b7100.jpeg
200 https://a0.muscache.com/airbnb/static/packages/web/common/frontend/dls-icons/components/IcSystemClock32.e755f00c77.js
204 https://fr.airbnb.com/tracking/jitney/logging/messages
204 https://fr.airbnb.com/tracking/jitney/logging/messages
200 https://a0.muscache.com/airbnb/static/packages/web/fr/frontend/gp-stays-pdp-sections/sections/Policies/PoliciesSection.2d7730a879.js
200 https://a0.muscache.com/airbnb/static/packages/web/fr/frontend/gp-stays-pdp-sections/migrated-sections/SimilarListingsCarousel/SimilarListingsCarouselSection.2f6b82fee1.js
200 https://a0.muscache.com/airbnb/static/packages/web/common/frontend/dls-icons/components/IcSystemCalendarCancel32.9486738681.js
200 https://a0.muscache.com/airbnb/static/packages/web/common/frontend/dls-icons/components/IcSystemTrustshield32.905cb5a4c5.js
200 https://a0.muscache.com/airbnb/static/packages/web/fr/frontend/gp-stays-pdp-sections/migrated-sections/SeoLinksSection/SeoLinksSection.45837d973e.js
200 https://a0.muscache.com/airbnb/static/packages/web/fr/frontend/simple-footer/variants/base/Footer.797c46a428.js
200 https://a0.muscache.com/airbnb/static/packages/web/fr/e67b.ea3ef2e2ef.js
200 https://a0.muscache.com/airbnb/static/packages/web/fr/2965.9233c98d9f.js
200 https://a0.muscache.com/airbnb/static/packages/web/fr/4e1f.fda7d6f2dd.js
200 https://fr.airbnb.com/api/v3/HostRecommendedPoisQuery/3b00560766798442b0000f4dd27df43f22cb0821f42a986de32dd7e225e97579
204 https://fr.airbnb.com/tracking/jitney/logging/messages
204 https://fr.airbnb.com/tracking/jitney/logging/messages
200 https://fr.airbnb.com/api/v3/SimilarListingsCarouselQuery/2dc877137f033bf448b2102fcd09da10d0325241f3ca9e8efc8d9acc4d3a699b
204 https://fr.airbnb.com/tracking/jitney/logging/messages
204 https://fr.airbnb.com/tracking/jitney/logging/messages
204 https://fr.airbnb.com/tracking/airdog
204 https://fr.airbnb.com/tracking/jitney/logging/messages
200 https://a0.muscache.com/im/pictures/airbnb-platform-assets/AirbnbPlatformAssets-GuestFavorite/original/78b7687c-5acf-4ef8-a5ea-eda732ae3b2f.png
204 https://fr.airbnb.com/tracking/jitney/logging/messages
200 https://a0.muscache.com/im/pictures/airbnb-platform-assets/AirbnbPlatformAssets-GuestFavorite/original/b4005b30-79ff-4287-860c-67829ecd7412.png
204 https://fr.airbnb.com/tracking/jitney/logging/messages
200 https://a0.muscache.com/im/pictures/user/User-119888075/original/321f90e4-1f16-4f53-acd2-0a03c9eaa6b1.jpeg
204 https://fr.airbnb.com/tracking/jitney/logging/messages
200 https://a0.muscache.com/im/pictures/user/User/original/daeb3746-c7cd-40d5-b2b0-a22c9fa019ab.jpeg
200 https://www.facebook.com/tr
200 https://www.facebook.com/tr
200 https://a0.muscache.com/airbnb/static/packages/web/fr/frontend/gp-stays-pdp-sections/sections/PhotoTourScrollable/PhotoTourScrollableSection.586cdd88d0.js
200 https://a0.muscache.com/airbnb/static/packages/web/fr/18fd.290c89e33d.js
200 https://a0.muscache.com/airbnb/static/packages/web/fr/8246.569beaaf19.js
204 https://fr.airbnb.com/tracking/jitney/logging/messages
200 https://a0.muscache.com/im/pictures/miso/Hosting-1044892075647301416/original/f1524206-0a27-4b95-a4f3-3b022c43b7cf.jpeg
200 https://a0.muscache.com/im/pictures/hosting/Hosting-1044892075647301416/original/0c291928-c8d7-4d2e-84f7-92e6eb005e2d.jpeg
200 https://a0.muscache.com/im/pictures/hosting/Hosting-1044892075647301416/original/b5949ac6-a67a-468e-b350-9d579c4c1778.jpeg
200 https://a0.muscache.com/im/pictures/hosting/Hosting-1044892075647301416/original/da208817-7290-45b2-9adf-5708522951f9.jpeg
200 https://a0.muscache.com/im/pictures/miso/Hosting-1044892075647301416/original/19fda09c-c305-4b72-8b7c-8c877b7531c2.jpeg
200 https://a0.muscache.com/im/pictures/miso/Hosting-1044892075647301416/original/a4daefbf-f209-4530-a27d-7f2f3d567d0a.jpeg
200 https://a0.muscache.com/im/pictures/hosting/Hosting-1044892075647301416/original/d1858660-8d84-48a6-8f38-80cd026b82b2.jpeg
200 https://a0.muscache.com/im/pictures/hosting/Hosting-U3RheVN1cHBseUxpc3Rpbmc6MTA0NDg5MjA3NTY0NzMwMTQxNg%3D%3D/original/fa35f2d5-4f0f-43c5-b936-28e916fa662f.jpeg
200 https://a0.muscache.com/im/pictures/hosting/Hosting-U3RheVN1cHBseUxpc3Rpbmc6MTA0NDg5MjA3NTY0NzMwMTQxNg%3D%3D/original/56826a75-976a-4062-ac96-4c12c8b5f110.jpeg
200 https://a0.muscache.com/im/pictures/hosting/Hosting-1044892075647301416/original/30b2ddd5-b1ff-4872-8dfe-90cac67f2528.jpeg
200 https://a0.muscache.com/im/pictures/hosting/Hosting-1044892075647301416/original/6cf7c449-1066-461d-9bbb-929ed0345553.jpeg
204 https://fr.airbnb.com/tracking/jitney/logging/messages
200 https://insight.adsrvr.org/track/realtimeconversion